// Vitest Snapshot v1, https://vitest.dev/guide/snapshot.html

exports[`Calculator > should match snapshot 1`] = `
"<button className="btn btn-primary d-inline-block mx-auto" onClick={handleStartQuiz}>
          Start Quiz
        </button>"
`;
